[0/1] Planning build
Building for production...
[0/5] Write swift-version--58304C5D6DBC2206.txt
[2/13] Compiling RealModule AlgebraicField.swift
[3/13] Compiling MLXHuggingFaceMacros HuggingFaceIntegrationMacros.swift
[3/13] Write Objects.LinkFileList
[5/14] Compiling Crypto AES-GCM.swift
[6/14] Compiling ArgumentParserToolInfo ToolInfo.swift
[7/14] Compiling ComplexModule Complex+AdditiveArithmetic.swift
[7/16] Linking MLXHuggingFaceMacros-tool
[9/16] Compiling Numerics Numerics.swift
[10/16] Compiling InternalCollectionsUtilities Debugging.swift
[11/18] Compiling ModelQualityCore ModelQualityCore.swift
[12/18] Compiling EventSource AsyncEventsSequence.swift
[13/19] Compiling OrderedCollections _HashTable+Bucket.swift
[14/20] Compiling ModelRunnerProtocol AudioAPIRoute.swift
[15/20] Compiling ArgumentParser BashCompletionsGenerator.swift
[16/20] Compiling MLX ArrayAt.swift
[17/21] Compiling HuggingFace AccessRequest.swift
[18/21] Compiling MLXNN Activations.swift
[19/21] Compiling Jinja AST.swift
[20/23] Compiling MLXOptimizers Optimizers.swift
[21/24] Compiling Hub BinaryDistinct.swift
[22/25] Compiling Tokenizers BPETokenizer.swift
[23/25] Compiling MLXLMCommon DoRA+Layers.swift
[24/27] Compiling MLXHuggingFace FoundationModelsMacros.swift
[25/27] Compiling MLXLLM LLMModel.swift
[26/28] Compiling ModelRunnerCore CompletedMessagePrefixLRU.swift
[27/29] Compiling RuntimeBenchmark main.swift
[27/29] Write Objects.LinkFileList
[28/29] Linking model-runner-runtime-bench
Build of product 'model-runner-runtime-bench' complete! (83.50s)
