sample 1/192 wikitext2-test-001: NLL 2.552873, perplexity 12.843946
sample 2/192 wikitext2-test-002: NLL 3.642782, perplexity 38.197953
sample 3/192 wikitext2-test-003: NLL 3.074510, perplexity 21.639268
sample 4/192 wikitext2-test-004: NLL 2.752636, perplexity 15.683927
sample 5/192 wikitext2-test-005: NLL 2.522406, perplexity 12.458530
sample 6/192 wikitext2-test-006: NLL 3.120358, perplexity 22.654497
sample 7/192 wikitext2-test-007: NLL 3.390781, perplexity 29.689134
sample 8/192 wikitext2-test-008: NLL 2.678559, perplexity 14.564093
sample 9/192 wikitext2-test-009: NLL 2.627537, perplexity 13.839635
sample 10/192 wikitext2-test-010: NLL 2.938356, perplexity 18.884772
sample 11/192 wikitext2-test-011: NLL 2.672386, perplexity 14.474458
sample 12/192 wikitext2-test-012: NLL 3.500556, perplexity 33.133880
sample 13/192 wikitext2-test-013: NLL 2.166234, perplexity 8.725363
sample 14/192 wikitext2-test-014: NLL 2.767123, perplexity 15.912788
sample 15/192 wikitext2-test-015: NLL 3.042783, perplexity 20.963502
sample 16/192 wikitext2-test-016: NLL 2.865002, perplexity 17.549081
sample 17/192 wikitext2-test-017: NLL 2.106954, perplexity 8.223159
sample 18/192 wikitext2-test-018: NLL 2.382743, perplexity 10.834580
sample 19/192 wikitext2-test-019: NLL 3.595199, perplexity 36.422942
sample 20/192 wikitext2-test-020: NLL 3.174513, perplexity 23.915162
sample 21/192 wikitext2-test-021: NLL 3.008817, perplexity 20.263410
sample 22/192 wikitext2-test-022: NLL 3.630441, perplexity 37.729461
sample 23/192 wikitext2-test-023: NLL 2.596746, perplexity 13.420005
sample 24/192 wikitext2-test-024: NLL 2.746363, perplexity 15.585840
sample 25/192 wikitext2-test-025: NLL 2.513878, perplexity 12.352743
sample 26/192 wikitext2-test-026: NLL 2.828852, perplexity 16.926020
sample 27/192 wikitext2-test-027: NLL 3.688220, perplexity 39.973620
sample 28/192 wikitext2-test-028: NLL 3.014757, perplexity 20.384134
sample 29/192 wikitext2-test-029: NLL 2.864639, perplexity 17.542715
sample 30/192 wikitext2-test-030: NLL 2.775363, perplexity 16.044455
sample 31/192 wikitext2-test-031: NLL 2.514557, perplexity 12.361137
sample 32/192 wikitext2-test-032: NLL 3.362656, perplexity 28.865765
sample 33/192 wikitext2-test-033: NLL 2.401996, perplexity 11.045206
sample 34/192 wikitext2-test-034: NLL 3.094557, perplexity 22.077463
sample 35/192 wikitext2-test-035: NLL 2.822234, perplexity 16.814378
sample 36/192 wikitext2-test-036: NLL 2.879080, perplexity 17.797893
sample 37/192 wikitext2-test-037: NLL 2.579672, perplexity 13.192813
sample 38/192 wikitext2-test-038: NLL 2.930495, perplexity 18.736912
sample 39/192 wikitext2-test-039: NLL 2.618492, perplexity 13.715032
sample 40/192 wikitext2-test-040: NLL 3.218969, perplexity 25.002333
sample 41/192 wikitext2-test-041: NLL 3.646419, perplexity 38.337129
sample 42/192 wikitext2-test-042: NLL 3.717634, perplexity 41.166897
sample 43/192 wikitext2-test-043: NLL 3.454411, perplexity 31.639645
sample 44/192 wikitext2-test-044: NLL 2.476251, perplexity 11.896580
sample 45/192 wikitext2-test-045: NLL 2.780859, perplexity 16.132865
sample 46/192 wikitext2-test-046: NLL 2.685006, perplexity 14.658293
sample 47/192 wikitext2-test-047: NLL 2.963213, perplexity 19.360067
sample 48/192 wikitext2-test-048: NLL 3.032051, perplexity 20.739717
sample 49/192 wikitext2-test-049: NLL 2.745479, perplexity 15.572065
sample 50/192 wikitext2-test-050: NLL 2.924556, perplexity 18.625954
sample 51/192 wikitext2-test-051: NLL 2.782664, perplexity 16.162013
sample 52/192 wikitext2-test-052: NLL 2.991027, perplexity 19.906109
sample 53/192 wikitext2-test-053: NLL 2.994910, perplexity 19.983553
sample 54/192 wikitext2-test-054: NLL 2.910073, perplexity 18.358138
sample 55/192 wikitext2-test-055: NLL 2.620279, perplexity 13.739554
sample 56/192 wikitext2-test-056: NLL 2.802610, perplexity 16.487625
sample 57/192 wikitext2-test-057: NLL 2.877732, perplexity 17.773908
sample 58/192 wikitext2-test-058: NLL 2.545286, perplexity 12.746871
sample 59/192 wikitext2-test-059: NLL 2.836678, perplexity 17.058995
sample 60/192 wikitext2-test-060: NLL 2.518143, perplexity 12.405542
sample 61/192 wikitext2-test-061: NLL 3.268393, perplexity 26.269094
sample 62/192 wikitext2-test-062: NLL 3.605833, perplexity 36.812346
sample 63/192 wikitext2-test-063: NLL 2.973933, perplexity 19.568740
sample 64/192 wikitext2-test-064: NLL 2.700813, perplexity 14.891827
sample 65/192 mbpp-test-11: NLL 1.294508, perplexity 3.649201
sample 66/192 mbpp-test-12: NLL 2.628215, perplexity 13.849029
sample 67/192 mbpp-test-13: NLL 2.419665, perplexity 11.242088
sample 68/192 mbpp-test-14: NLL 2.932505, perplexity 18.774599
sample 69/192 mbpp-test-15: NLL 3.390649, perplexity 29.685211
sample 70/192 mbpp-test-16: NLL 2.638147, perplexity 13.987255
sample 71/192 mbpp-test-17: NLL 2.940843, perplexity 18.931805
sample 72/192 mbpp-test-18: NLL 1.385490, perplexity 3.996783
sample 73/192 mbpp-test-19: NLL 2.709174, perplexity 15.016865
sample 74/192 mbpp-test-20: NLL 2.138791, perplexity 8.489168
sample 75/192 mbpp-test-21: NLL 3.188627, perplexity 24.255093
sample 76/192 mbpp-test-22: NLL 1.474614, perplexity 4.369350
sample 77/192 mbpp-test-23: NLL 2.084581, perplexity 8.041224
sample 78/192 mbpp-test-24: NLL 1.395339, perplexity 4.036342
sample 79/192 mbpp-test-25: NLL 2.076932, perplexity 7.979948
sample 80/192 mbpp-test-26: NLL 2.264647, perplexity 9.627729
sample 81/192 mbpp-test-27: NLL 2.201736, perplexity 9.040694
sample 82/192 mbpp-test-28: NLL 2.000826, perplexity 7.395158
sample 83/192 mbpp-test-29: NLL 1.818379, perplexity 6.161860
sample 84/192 mbpp-test-30: NLL 1.821234, perplexity 6.179481
sample 85/192 mbpp-test-31: NLL 1.450644, perplexity 4.265860
sample 86/192 mbpp-test-32: NLL 1.481596, perplexity 4.399962
sample 87/192 mbpp-test-33: NLL 2.042077, perplexity 7.706598
sample 88/192 mbpp-test-34: NLL 1.565142, perplexity 4.783355
sample 89/192 mbpp-test-35: NLL 3.456941, perplexity 31.719791
sample 90/192 mbpp-test-36: NLL 2.282925, perplexity 9.805315
sample 91/192 mbpp-test-37: NLL 1.410798, perplexity 4.099224
sample 92/192 mbpp-test-38: NLL 1.929383, perplexity 6.885259
sample 93/192 mbpp-test-39: NLL 1.314878, perplexity 3.724297
sample 94/192 mbpp-test-40: NLL 2.640832, perplexity 14.024867
sample 95/192 mbpp-test-41: NLL 2.836058, perplexity 17.048420
sample 96/192 mbpp-test-42: NLL 2.647803, perplexity 14.122978
sample 97/192 mbpp-test-43: NLL 2.359078, perplexity 10.581192
sample 98/192 mbpp-test-44: NLL 2.422258, perplexity 11.271279
sample 99/192 mbpp-test-45: NLL 1.697498, perplexity 5.460267
sample 100/192 mbpp-test-46: NLL 2.868260, perplexity 17.606355
sample 101/192 mbpp-test-47: NLL 1.863973, perplexity 6.449309
sample 102/192 mbpp-test-48: NLL 1.915660, perplexity 6.791418
sample 103/192 mbpp-test-49: NLL 3.750306, perplexity 42.534086
sample 104/192 mbpp-test-50: NLL 2.571964, perplexity 13.091505
sample 105/192 mbpp-test-51: NLL 2.754611, perplexity 15.714930
sample 106/192 mbpp-test-52: NLL 3.593772, perplexity 36.370991
sample 107/192 mbpp-test-53: NLL 1.949681, perplexity 7.026445
sample 108/192 mbpp-test-54: NLL 1.128912, perplexity 3.092291
sample 109/192 mbpp-test-55: NLL 3.642622, perplexity 38.191834
sample 110/192 mbpp-test-56: NLL 1.697495, perplexity 5.460252
sample 111/192 mbpp-test-57: NLL 1.867067, perplexity 6.469294
sample 112/192 mbpp-test-58: NLL 3.004681, perplexity 20.179777
sample 113/192 mbpp-test-59: NLL 3.262649, perplexity 26.118643
sample 114/192 mbpp-test-60: NLL 1.578143, perplexity 4.845946
sample 115/192 mbpp-test-61: NLL 1.584470, perplexity 4.876704
sample 116/192 mbpp-test-62: NLL 3.358741, perplexity 28.752961
sample 117/192 mbpp-test-63: NLL 2.614963, perplexity 13.666717
sample 118/192 mbpp-test-64: NLL 2.603147, perplexity 13.506173
sample 119/192 mbpp-test-65: NLL 2.041331, perplexity 7.700855
sample 120/192 mbpp-test-66: NLL 2.290021, perplexity 9.875145
sample 121/192 mbpp-test-67: NLL 1.216444, perplexity 3.375163
sample 122/192 mbpp-test-68: NLL 1.376562, perplexity 3.961258
sample 123/192 mbpp-test-69: NLL 1.383992, perplexity 3.990803
sample 124/192 mbpp-test-70: NLL 2.000522, perplexity 7.392914
sample 125/192 mbpp-test-71: NLL 1.078020, perplexity 2.938855
sample 126/192 mbpp-test-72: NLL 2.769842, perplexity 15.956108
sample 127/192 mbpp-test-73: NLL 3.403716, perplexity 30.075665
sample 128/192 mbpp-test-74: NLL 1.329738, perplexity 3.780053
sample 129/192 gsm8k-test-0: NLL 2.339343, perplexity 10.374415
sample 130/192 gsm8k-test-1: NLL 2.753007, perplexity 15.689745
sample 131/192 gsm8k-test-2: NLL 1.088537, perplexity 2.969926
sample 132/192 gsm8k-test-3: NLL 1.982126, perplexity 7.258156
sample 133/192 gsm8k-test-4: NLL 1.712219, perplexity 5.541241
sample 134/192 gsm8k-test-5: NLL 1.488041, perplexity 4.428411
sample 135/192 gsm8k-test-6: NLL 1.221078, perplexity 3.390843
sample 136/192 gsm8k-test-7: NLL 1.402695, perplexity 4.066142
sample 137/192 gsm8k-test-8: NLL 1.500233, perplexity 4.482733
sample 138/192 gsm8k-test-9: NLL 1.300248, perplexity 3.670208
sample 139/192 gsm8k-test-10: NLL 1.178530, perplexity 3.249593
sample 140/192 gsm8k-test-11: NLL 1.305496, perplexity 3.689520
sample 141/192 gsm8k-test-12: NLL 1.509122, perplexity 4.522759
sample 142/192 gsm8k-test-13: NLL 1.839894, perplexity 6.295869
sample 143/192 gsm8k-test-14: NLL 1.271500, perplexity 3.566197
sample 144/192 gsm8k-test-15: NLL 1.726257, perplexity 5.619583
sample 145/192 gsm8k-test-16: NLL 1.760667, perplexity 5.816316
sample 146/192 gsm8k-test-17: NLL 0.948545, perplexity 2.581951
sample 147/192 gsm8k-test-18: NLL 1.654097, perplexity 5.228359
sample 148/192 gsm8k-test-19: NLL 1.381226, perplexity 3.979779
sample 149/192 gsm8k-test-20: NLL 1.835174, perplexity 6.266223
sample 150/192 gsm8k-test-21: NLL 1.796520, perplexity 6.028633
sample 151/192 gsm8k-test-22: NLL 1.633195, perplexity 5.120207
sample 152/192 gsm8k-test-23: NLL 2.064580, perplexity 7.881983
sample 153/192 gsm8k-test-24: NLL 1.876872, perplexity 6.533036
sample 154/192 gsm8k-test-25: NLL 1.317488, perplexity 3.734029
sample 155/192 gsm8k-test-26: NLL 1.694124, perplexity 5.441875
sample 156/192 gsm8k-test-27: NLL 1.775813, perplexity 5.905080
sample 157/192 gsm8k-test-28: NLL 1.794859, perplexity 6.018625
sample 158/192 gsm8k-test-29: NLL 1.995620, perplexity 7.356761
sample 159/192 gsm8k-test-30: NLL 1.581908, perplexity 4.864229
sample 160/192 gsm8k-test-31: NLL 1.530239, perplexity 4.619280
sample 161/192 gsm8k-test-32: NLL 2.222212, perplexity 9.227721
sample 162/192 gsm8k-test-33: NLL 1.835398, perplexity 6.267627
sample 163/192 gsm8k-test-34: NLL 1.655060, perplexity 5.233394
sample 164/192 gsm8k-test-35: NLL 1.599020, perplexity 4.948180
sample 165/192 gsm8k-test-36: NLL 1.427829, perplexity 4.169637
sample 166/192 gsm8k-test-37: NLL 1.554531, perplexity 4.732865
sample 167/192 gsm8k-test-38: NLL 1.686354, perplexity 5.399756
sample 168/192 gsm8k-test-39: NLL 1.133055, perplexity 3.105127
sample 169/192 gsm8k-test-40: NLL 1.991373, perplexity 7.325586
sample 170/192 gsm8k-test-41: NLL 2.383026, perplexity 10.837647
sample 171/192 gsm8k-test-42: NLL 2.015561, perplexity 7.504934
sample 172/192 gsm8k-test-43: NLL 1.164716, perplexity 3.205014
sample 173/192 gsm8k-test-44: NLL 1.440326, perplexity 4.222074
sample 174/192 gsm8k-test-45: NLL 1.782023, perplexity 5.941863
sample 175/192 gsm8k-test-46: NLL 2.006289, perplexity 7.435672
sample 176/192 gsm8k-test-47: NLL 1.102924, perplexity 3.012964
sample 177/192 gsm8k-test-48: NLL 1.699529, perplexity 5.471368
sample 178/192 gsm8k-test-49: NLL 1.276019, perplexity 3.582349
sample 179/192 gsm8k-test-50: NLL 1.643749, perplexity 5.174531
sample 180/192 gsm8k-test-51: NLL 2.310438, perplexity 10.078836
sample 181/192 gsm8k-test-52: NLL 1.532727, perplexity 4.630788
sample 182/192 gsm8k-test-53: NLL 1.727058, perplexity 5.624083
sample 183/192 gsm8k-test-54: NLL 2.250623, perplexity 9.493652
sample 184/192 gsm8k-test-55: NLL 1.823969, perplexity 6.196403
sample 185/192 gsm8k-test-56: NLL 2.075824, perplexity 7.971112
sample 186/192 gsm8k-test-57: NLL 1.818505, perplexity 6.162636
sample 187/192 gsm8k-test-58: NLL 1.851238, perplexity 6.367697
sample 188/192 gsm8k-test-59: NLL 1.790767, perplexity 5.994049
sample 189/192 gsm8k-test-60: NLL 1.783421, perplexity 5.950176
sample 190/192 gsm8k-test-61: NLL 1.748920, perplexity 5.748392
sample 191/192 gsm8k-test-62: NLL 1.748708, perplexity 5.747170
sample 192/192 gsm8k-test-63: NLL 1.441203, perplexity 4.225778
token-weighted NLL 2.482633, perplexity 11.972749 across 50096 scored tokens
Wrote /private/tmp/midnight-priorities-20260904/challengers/g128-standard-nll.json
