MLX resource guard: memory=54975581389 bytes cache=268435456 bytes
Measured MLX wired-memory plan: peak=18488401212 kv=83927040 workspace=620525372 limit=20605676790 cap=54975581389
Context policy: limit=262144, prefill=512, KV=none, geometry=known
Conversation prefix cache: entries=4 memory=2147483648 bytes
[1/137] mbpp-test-11: prompt=72, generated=285, stop=stop
[2/137] mbpp-test-12: prompt=70, generated=88, stop=stop
[3/137] mbpp-test-13: prompt=64, generated=27, stop=stop
[4/137] mbpp-test-14: prompt=69, generated=141, stop=stop
[5/137] mbpp-test-15: prompt=63, generated=265, stop=stop
[6/137] mbpp-test-16: prompt=68, generated=114, stop=stop
[7/137] mbpp-test-17: prompt=63, generated=18, stop=stop
[8/137] mbpp-test-18: prompt=73, generated=37, stop=stop
[9/137] mbpp-test-19: prompt=68, generated=109, stop=stop
[10/137] mbpp-test-20: prompt=68, generated=75, stop=stop
[11/137] mbpp-test-21: prompt=66, generated=27, stop=stop
[12/137] mbpp-test-22: prompt=68, generated=120, stop=stop
[13/137] mbpp-test-23: prompt=71, generated=170, stop=stop
[14/137] mbpp-test-24: prompt=66, generated=15, stop=stop
[15/137] mbpp-test-25: prompt=71, generated=77, stop=stop
[16/137] mbpp-test-26: prompt=70, generated=178, stop=stop
[17/137] mbpp-test-27: prompt=64, generated=48, stop=stop
[18/137] mbpp-test-28: prompt=64, generated=47, stop=stop
[19/137] mbpp-test-29: prompt=72, generated=165, stop=stop
[20/137] mbpp-test-30: prompt=74, generated=286, stop=stop
[21/137] mbpp-test-31: prompt=78, generated=295, stop=stop
[22/137] mbpp-test-32: prompt=69, generated=170, stop=stop
[23/137] mbpp-test-33: prompt=66, generated=104, stop=stop
[24/137] mbpp-test-34: prompt=67, generated=176, stop=stop
[25/137] mbpp-test-35: prompt=63, generated=20, stop=stop
[26/137] mbpp-test-36: prompt=76, generated=335, stop=stop
[27/137] mbpp-test-37: prompt=69, generated=182, stop=stop
[28/137] mbpp-test-38: prompt=71, generated=105, stop=stop
[29/137] mbpp-test-39: prompt=80, generated=109, stop=stop
[30/137] mbpp-test-40: prompt=70, generated=106, stop=stop
[31/137] mbpp-test-41: prompt=63, generated=29, stop=stop
[32/137] mbpp-test-42: prompt=69, generated=56, stop=stop
[33/137] mbpp-test-43: prompt=67, generated=43, stop=stop
[34/137] mbpp-test-44: prompt=66, generated=38, stop=stop
[35/137] mbpp-test-45: prompt=65, generated=25, stop=stop
[36/137] mbpp-test-46: prompt=69, generated=21, stop=stop
[37/137] mbpp-test-47: prompt=73, generated=634, stop=stop
[38/137] mbpp-test-48: prompt=67, generated=236, stop=stop
[39/137] mbpp-test-49: prompt=70, generated=118, stop=stop
[40/137] mbpp-test-50: prompt=67, generated=26, stop=stop
[41/137] mbpp-test-51: prompt=70, generated=124, stop=stop
[42/137] mbpp-test-52: prompt=65, generated=13, stop=stop
[43/137] mbpp-test-53: prompt=73, generated=32, stop=stop
[44/137] mbpp-test-54: prompt=65, generated=132, stop=stop
[45/137] mbpp-test-55: prompt=68, generated=23, stop=stop
[46/137] mbpp-test-56: prompt=68, generated=29, stop=stop
[47/137] mbpp-test-57: prompt=72, generated=37, stop=stop
[48/137] mbpp-test-58: prompt=71, generated=39, stop=stop
[49/137] mbpp-test-59: prompt=63, generated=19, stop=stop
[50/137] mbpp-test-60: prompt=75, generated=137, stop=stop
[51/137] mbpp-test-61: prompt=73, generated=81, stop=stop
[52/137] mbpp-test-62: prompt=63, generated=11, stop=stop
[53/137] mbpp-test-63: prompt=69, generated=161, stop=stop
[54/137] mbpp-test-64: prompt=65, generated=27, stop=stop
[55/137] mbpp-test-65: prompt=61, generated=51, stop=stop
[56/137] mbpp-test-66: prompt=63, generated=36, stop=stop
[57/137] mbpp-test-67: prompt=68, generated=544, stop=stop
[58/137] mbpp-test-68: prompt=68, generated=262, stop=stop
[59/137] mbpp-test-69: prompt=69, generated=49, stop=stop
[60/137] mbpp-test-70: prompt=69, generated=169, stop=stop
[61/137] mbpp-test-71: prompt=64, generated=387, stop=stop
[62/137] mbpp-test-72: prompt=73, generated=52, stop=stop
[63/137] mbpp-test-73: prompt=66, generated=30, stop=stop
[64/137] mbpp-test-74: prompt=70, generated=283, stop=stop
[65/137] gsm8k-test-0: prompt=98, generated=85, stop=stop
[66/137] gsm8k-test-1: prompt=60, generated=46, stop=stop
[67/137] gsm8k-test-2: prompt=90, generated=176, stop=stop
[68/137] gsm8k-test-3: prompt=67, generated=84, stop=stop
[69/137] gsm8k-test-4: prompt=144, generated=136, stop=stop
[70/137] gsm8k-test-5: prompt=89, generated=95, stop=stop
[71/137] gsm8k-test-6: prompt=79, generated=92, stop=stop
[72/137] gsm8k-test-7: prompt=102, generated=187, stop=stop
[73/137] gsm8k-test-8: prompt=137, generated=318, stop=stop
[74/137] gsm8k-test-9: prompt=93, generated=136, stop=stop
[75/137] gsm8k-test-10: prompt=93, generated=116, stop=stop
[76/137] gsm8k-test-11: prompt=98, generated=119, stop=stop
[77/137] gsm8k-test-12: prompt=100, generated=309, stop=stop
[78/137] gsm8k-test-13: prompt=94, generated=468, stop=stop
[79/137] gsm8k-test-14: prompt=85, generated=182, stop=stop
[80/137] gsm8k-test-15: prompt=127, generated=77, stop=stop
[81/137] gsm8k-test-16: prompt=86, generated=205, stop=stop
[82/137] gsm8k-test-17: prompt=91, generated=127, stop=stop
[83/137] gsm8k-test-18: prompt=62, generated=62, stop=stop
[84/137] gsm8k-test-19: prompt=98, generated=192, stop=stop
[85/137] gsm8k-test-20: prompt=96, generated=159, stop=stop
[86/137] gsm8k-test-21: prompt=79, generated=63, stop=stop
[87/137] gsm8k-test-22: prompt=88, generated=110, stop=stop
[88/137] gsm8k-test-23: prompt=72, generated=60, stop=stop
[89/137] gsm8k-test-24: prompt=72, generated=121, stop=stop
[90/137] gsm8k-test-25: prompt=101, generated=139, stop=stop
[91/137] gsm8k-test-26: prompt=102, generated=152, stop=stop
[92/137] gsm8k-test-27: prompt=92, generated=101, stop=stop
[93/137] gsm8k-test-28: prompt=83, generated=115, stop=stop
[94/137] gsm8k-test-29: prompt=102, generated=153, stop=stop
[95/137] gsm8k-test-30: prompt=72, generated=120, stop=stop
[96/137] gsm8k-test-31: prompt=96, generated=105, stop=stop
[97/137] gsm8k-test-32: prompt=74, generated=57, stop=stop
[98/137] gsm8k-test-33: prompt=65, generated=160, stop=stop
[99/137] gsm8k-test-34: prompt=74, generated=87, stop=stop
[100/137] gsm8k-test-35: prompt=85, generated=120, stop=stop
[101/137] gsm8k-test-36: prompt=78, generated=129, stop=stop
[102/137] gsm8k-test-37: prompt=96, generated=136, stop=stop
[103/137] gsm8k-test-38: prompt=77, generated=160, stop=stop
[104/137] gsm8k-test-39: prompt=105, generated=287, stop=stop
[105/137] gsm8k-test-40: prompt=77, generated=81, stop=stop
[106/137] gsm8k-test-41: prompt=164, generated=104, stop=stop
[107/137] gsm8k-test-42: prompt=116, generated=71, stop=stop
[108/137] gsm8k-test-43: prompt=94, generated=209, stop=stop
[109/137] gsm8k-test-44: prompt=111, generated=246, stop=stop
[110/137] gsm8k-test-45: prompt=127, generated=222, stop=stop
[111/137] gsm8k-test-46: prompt=127, generated=135, stop=stop
[112/137] gsm8k-test-47: prompt=83, generated=70, stop=stop
[113/137] gsm8k-test-48: prompt=70, generated=120, stop=stop
[114/137] gsm8k-test-49: prompt=76, generated=67, stop=stop
[115/137] gsm8k-test-50: prompt=70, generated=121, stop=stop
[116/137] gsm8k-test-51: prompt=82, generated=122, stop=stop
[117/137] gsm8k-test-52: prompt=95, generated=139, stop=stop
[118/137] gsm8k-test-53: prompt=133, generated=222, stop=stop
[119/137] gsm8k-test-54: prompt=117, generated=90, stop=stop
[120/137] gsm8k-test-55: prompt=79, generated=68, stop=stop
[121/137] gsm8k-test-56: prompt=78, generated=80, stop=stop
[122/137] gsm8k-test-57: prompt=110, generated=192, stop=stop
[123/137] gsm8k-test-58: prompt=117, generated=189, stop=stop
[124/137] gsm8k-test-59: prompt=67, generated=109, stop=stop
[125/137] gsm8k-test-60: prompt=71, generated=179, stop=stop
[126/137] gsm8k-test-61: prompt=96, generated=172, stop=stop
[127/137] gsm8k-test-62: prompt=101, generated=231, stop=stop
[128/137] gsm8k-test-63: prompt=102, generated=145, stop=stop
[129/137] retrieval-est4096-pos10: prompt=4309, generated=11, stop=stop
[130/137] retrieval-est4096-pos50: prompt=4311, generated=12, stop=stop
[131/137] retrieval-est4096-pos90: prompt=4305, generated=279, stop=stop
[132/137] retrieval-est16384-pos10: prompt=17004, generated=13, stop=stop
[133/137] retrieval-est16384-pos50: prompt=17090, generated=10, stop=stop
[134/137] retrieval-est16384-pos90: prompt=17063, generated=12, stop=stop
[135/137] retrieval-est32768-pos10: prompt=34122, generated=12, stop=stop
[136/137] retrieval-est32768-pos50: prompt=34041, generated=12, stop=stop
[137/137] retrieval-est32768-pos90: prompt=34092, generated=9, stop=stop
Saved completed report: /private/tmp/midnight-priorities-20260904/challengers/g128-standard-generation.json
