sample 1/192 wikitext2-test-001: NLL 2.509037, perplexity 12.293088
sample 2/192 wikitext2-test-002: NLL 3.740106, perplexity 42.102450
sample 3/192 wikitext2-test-003: NLL 3.001327, perplexity 20.112205
sample 4/192 wikitext2-test-004: NLL 2.848374, perplexity 17.259699
sample 5/192 wikitext2-test-005: NLL 2.525068, perplexity 12.491742
sample 6/192 wikitext2-test-006: NLL 3.066833, perplexity 21.473785
sample 7/192 wikitext2-test-007: NLL 3.476261, perplexity 32.338596
sample 8/192 wikitext2-test-008: NLL 2.690056, perplexity 14.732501
sample 9/192 wikitext2-test-009: NLL 2.704910, perplexity 14.952965
sample 10/192 wikitext2-test-010: NLL 3.019234, perplexity 20.475607
sample 11/192 wikitext2-test-011: NLL 2.713670, perplexity 15.084540
sample 12/192 wikitext2-test-012: NLL 3.449930, perplexity 31.498202
sample 13/192 wikitext2-test-013: NLL 2.194350, perplexity 8.974164
sample 14/192 wikitext2-test-014: NLL 2.700939, perplexity 14.893708
sample 15/192 wikitext2-test-015: NLL 2.956212, perplexity 19.225000
sample 16/192 wikitext2-test-016: NLL 2.913618, perplexity 18.423332
sample 17/192 wikitext2-test-017: NLL 2.134880, perplexity 8.456029
sample 18/192 wikitext2-test-018: NLL 2.395401, perplexity 10.972598
sample 19/192 wikitext2-test-019: NLL 3.647020, perplexity 38.360198
sample 20/192 wikitext2-test-020: NLL 3.286741, perplexity 26.755513
sample 21/192 wikitext2-test-021: NLL 3.102886, perplexity 22.262103
sample 22/192 wikitext2-test-022: NLL 3.640637, perplexity 38.116111
sample 23/192 wikitext2-test-023: NLL 2.552240, perplexity 12.835824
sample 24/192 wikitext2-test-024: NLL 2.671609, perplexity 14.463226
sample 25/192 wikitext2-test-025: NLL 2.442738, perplexity 11.504498
sample 26/192 wikitext2-test-026: NLL 2.798323, perplexity 16.417095
sample 27/192 wikitext2-test-027: NLL 3.769953, perplexity 43.378026
sample 28/192 wikitext2-test-028: NLL 3.014872, perplexity 20.386489
sample 29/192 wikitext2-test-029: NLL 2.898831, perplexity 18.152920
sample 30/192 wikitext2-test-030: NLL 2.772576, perplexity 15.999791
sample 31/192 wikitext2-test-031: NLL 2.486553, perplexity 12.019769
sample 32/192 wikitext2-test-032: NLL 3.514099, perplexity 33.585643
sample 33/192 wikitext2-test-033: NLL 2.414758, perplexity 11.187068
sample 34/192 wikitext2-test-034: NLL 3.059843, perplexity 21.324207
sample 35/192 wikitext2-test-035: NLL 2.829403, perplexity 16.935346
sample 36/192 wikitext2-test-036: NLL 2.779167, perplexity 16.105594
sample 37/192 wikitext2-test-037: NLL 2.656225, perplexity 14.242418
sample 38/192 wikitext2-test-038: NLL 2.917417, perplexity 18.493448
sample 39/192 wikitext2-test-039: NLL 2.641812, perplexity 14.038613
sample 40/192 wikitext2-test-040: NLL 3.186625, perplexity 24.206599
sample 41/192 wikitext2-test-041: NLL 3.692587, perplexity 40.148563
sample 42/192 wikitext2-test-042: NLL 3.679278, perplexity 39.617763
sample 43/192 wikitext2-test-043: NLL 3.404479, perplexity 30.098624
sample 44/192 wikitext2-test-044: NLL 2.509666, perplexity 12.300826
sample 45/192 wikitext2-test-045: NLL 2.872101, perplexity 17.674108
sample 46/192 wikitext2-test-046: NLL 2.699498, perplexity 14.872266
sample 47/192 wikitext2-test-047: NLL 2.945744, perplexity 19.024814
sample 48/192 wikitext2-test-048: NLL 3.110816, perplexity 22.439337
sample 49/192 wikitext2-test-049: NLL 2.841023, perplexity 17.133279
sample 50/192 wikitext2-test-050: NLL 3.056524, perplexity 21.253558
sample 51/192 wikitext2-test-051: NLL 2.730943, perplexity 15.347359
sample 52/192 wikitext2-test-052: NLL 2.944457, perplexity 19.000346
sample 53/192 wikitext2-test-053: NLL 3.003706, perplexity 20.160103
sample 54/192 wikitext2-test-054: NLL 2.832386, perplexity 16.985939
sample 55/192 wikitext2-test-055: NLL 2.586464, perplexity 13.282726
sample 56/192 wikitext2-test-056: NLL 2.884165, perplexity 17.888616
sample 57/192 wikitext2-test-057: NLL 2.797077, perplexity 16.396641
sample 58/192 wikitext2-test-058: NLL 2.563911, perplexity 12.986506
sample 59/192 wikitext2-test-059: NLL 2.881366, perplexity 17.838633
sample 60/192 wikitext2-test-060: NLL 2.549816, perplexity 12.804746
sample 61/192 wikitext2-test-061: NLL 3.173678, perplexity 23.895210
sample 62/192 wikitext2-test-062: NLL 3.607402, perplexity 36.870158
sample 63/192 wikitext2-test-063: NLL 2.925674, perplexity 18.646798
sample 64/192 wikitext2-test-064: NLL 2.640923, perplexity 14.026144
sample 65/192 mbpp-test-11: NLL 1.388479, perplexity 4.008749
sample 66/192 mbpp-test-12: NLL 2.661448, perplexity 14.317006
sample 67/192 mbpp-test-13: NLL 2.564772, perplexity 12.997694
sample 68/192 mbpp-test-14: NLL 3.028059, perplexity 20.657102
sample 69/192 mbpp-test-15: NLL 3.313735, perplexity 27.487607
sample 70/192 mbpp-test-16: NLL 2.858606, perplexity 17.437202
sample 71/192 mbpp-test-17: NLL 3.109928, perplexity 22.419430
sample 72/192 mbpp-test-18: NLL 1.295311, perplexity 3.652133
sample 73/192 mbpp-test-19: NLL 2.744943, perplexity 15.563734
sample 74/192 mbpp-test-20: NLL 2.176463, perplexity 8.815070
sample 75/192 mbpp-test-21: NLL 3.096231, perplexity 22.114444
sample 76/192 mbpp-test-22: NLL 1.602766, perplexity 4.966750
sample 77/192 mbpp-test-23: NLL 2.080964, perplexity 8.012187
sample 78/192 mbpp-test-24: NLL 1.691264, perplexity 5.426334
sample 79/192 mbpp-test-25: NLL 2.215231, perplexity 9.163526
sample 80/192 mbpp-test-26: NLL 2.352898, perplexity 10.516003
sample 81/192 mbpp-test-27: NLL 2.111451, perplexity 8.260216
sample 82/192 mbpp-test-28: NLL 2.164938, perplexity 8.714061
sample 83/192 mbpp-test-29: NLL 1.815735, perplexity 6.145589
sample 84/192 mbpp-test-30: NLL 1.804618, perplexity 6.077649
sample 85/192 mbpp-test-31: NLL 1.449592, perplexity 4.261376
sample 86/192 mbpp-test-32: NLL 1.443566, perplexity 4.235775
sample 87/192 mbpp-test-33: NLL 2.163207, perplexity 8.698991
sample 88/192 mbpp-test-34: NLL 1.559705, perplexity 4.757419
sample 89/192 mbpp-test-35: NLL 3.341391, perplexity 28.258412
sample 90/192 mbpp-test-36: NLL 2.529947, perplexity 12.552843
sample 91/192 mbpp-test-37: NLL 1.494110, perplexity 4.455369
sample 92/192 mbpp-test-38: NLL 1.846197, perplexity 6.335677
sample 93/192 mbpp-test-39: NLL 1.155523, perplexity 3.175685
sample 94/192 mbpp-test-40: NLL 2.679792, perplexity 14.582053
sample 95/192 mbpp-test-41: NLL 2.768469, perplexity 15.934221
sample 96/192 mbpp-test-42: NLL 2.642654, perplexity 14.050450
sample 97/192 mbpp-test-43: NLL 2.482288, perplexity 11.968615
sample 98/192 mbpp-test-44: NLL 2.424518, perplexity 11.296788
sample 99/192 mbpp-test-45: NLL 1.823156, perplexity 6.191369
sample 100/192 mbpp-test-46: NLL 2.864817, perplexity 17.545846
sample 101/192 mbpp-test-47: NLL 2.000007, perplexity 7.389108
sample 102/192 mbpp-test-48: NLL 1.897715, perplexity 6.670632
sample 103/192 mbpp-test-49: NLL 3.749808, perplexity 42.512921
sample 104/192 mbpp-test-50: NLL 2.501733, perplexity 12.203620
sample 105/192 mbpp-test-51: NLL 2.838698, perplexity 17.093492
sample 106/192 mbpp-test-52: NLL 3.691271, perplexity 40.095786
sample 107/192 mbpp-test-53: NLL 2.083569, perplexity 8.033086
sample 108/192 mbpp-test-54: NLL 1.199431, perplexity 3.318229
sample 109/192 mbpp-test-55: NLL 3.568974, perplexity 35.480175
sample 110/192 mbpp-test-56: NLL 1.805459, perplexity 6.082764
sample 111/192 mbpp-test-57: NLL 2.005078, perplexity 7.426675
sample 112/192 mbpp-test-58: NLL 2.926700, perplexity 18.665923
sample 113/192 mbpp-test-59: NLL 3.180231, perplexity 24.052299
sample 114/192 mbpp-test-60: NLL 1.570016, perplexity 4.806727
sample 115/192 mbpp-test-61: NLL 1.516583, perplexity 4.556630
sample 116/192 mbpp-test-62: NLL 3.409214, perplexity 30.241450
sample 117/192 mbpp-test-63: NLL 2.784737, perplexity 16.195554
sample 118/192 mbpp-test-64: NLL 2.620227, perplexity 13.738836
sample 119/192 mbpp-test-65: NLL 2.060776, perplexity 7.852059
sample 120/192 mbpp-test-66: NLL 2.322029, perplexity 10.196343
sample 121/192 mbpp-test-67: NLL 1.234180, perplexity 3.435561
sample 122/192 mbpp-test-68: NLL 1.335409, perplexity 3.801549
sample 123/192 mbpp-test-69: NLL 1.366073, perplexity 3.919928
sample 124/192 mbpp-test-70: NLL 2.125776, perplexity 8.379401
sample 125/192 mbpp-test-71: NLL 1.155105, perplexity 3.174356
sample 126/192 mbpp-test-72: NLL 2.690289, perplexity 14.735934
sample 127/192 mbpp-test-73: NLL 3.386004, perplexity 29.547651
sample 128/192 mbpp-test-74: NLL 1.328558, perplexity 3.775595
sample 129/192 gsm8k-test-0: NLL 2.178731, perplexity 8.835088
sample 130/192 gsm8k-test-1: NLL 2.820655, perplexity 16.787849
sample 131/192 gsm8k-test-2: NLL 1.048915, perplexity 2.854553
sample 132/192 gsm8k-test-3: NLL 1.978543, perplexity 7.232201
sample 133/192 gsm8k-test-4: NLL 1.664872, perplexity 5.284996
sample 134/192 gsm8k-test-5: NLL 1.480620, perplexity 4.395672
sample 135/192 gsm8k-test-6: NLL 1.181322, perplexity 3.258679
sample 136/192 gsm8k-test-7: NLL 1.389114, perplexity 4.011295
sample 137/192 gsm8k-test-8: NLL 1.418072, perplexity 4.129151
sample 138/192 gsm8k-test-9: NLL 1.279584, perplexity 3.595145
sample 139/192 gsm8k-test-10: NLL 1.116134, perplexity 3.053029
sample 140/192 gsm8k-test-11: NLL 1.324167, perplexity 3.759053
sample 141/192 gsm8k-test-12: NLL 1.483221, perplexity 4.407118
sample 142/192 gsm8k-test-13: NLL 1.743115, perplexity 5.715117
sample 143/192 gsm8k-test-14: NLL 1.154112, perplexity 3.171206
sample 144/192 gsm8k-test-15: NLL 1.779954, perplexity 5.929582
sample 145/192 gsm8k-test-16: NLL 1.810592, perplexity 6.114066
sample 146/192 gsm8k-test-17: NLL 0.949994, perplexity 2.585695
sample 147/192 gsm8k-test-18: NLL 1.587278, perplexity 4.890420
sample 148/192 gsm8k-test-19: NLL 1.289332, perplexity 3.630360
sample 149/192 gsm8k-test-20: NLL 1.695117, perplexity 5.447282
sample 150/192 gsm8k-test-21: NLL 1.785186, perplexity 5.960687
sample 151/192 gsm8k-test-22: NLL 1.718956, perplexity 5.578699
sample 152/192 gsm8k-test-23: NLL 2.058663, perplexity 7.835490
sample 153/192 gsm8k-test-24: NLL 1.774749, perplexity 5.898802
sample 154/192 gsm8k-test-25: NLL 1.278971, perplexity 3.592942
sample 155/192 gsm8k-test-26: NLL 1.671403, perplexity 5.319624
sample 156/192 gsm8k-test-27: NLL 1.714410, perplexity 5.553400
sample 157/192 gsm8k-test-28: NLL 1.783301, perplexity 5.949463
sample 158/192 gsm8k-test-29: NLL 1.997418, perplexity 7.370002
sample 159/192 gsm8k-test-30: NLL 1.523808, perplexity 4.589670
sample 160/192 gsm8k-test-31: NLL 1.481675, perplexity 4.400312
sample 161/192 gsm8k-test-32: NLL 2.209963, perplexity 9.115375
sample 162/192 gsm8k-test-33: NLL 1.868206, perplexity 6.476665
sample 163/192 gsm8k-test-34: NLL 1.566246, perplexity 4.788637
sample 164/192 gsm8k-test-35: NLL 1.568329, perplexity 4.798625
sample 165/192 gsm8k-test-36: NLL 1.419828, perplexity 4.136407
sample 166/192 gsm8k-test-37: NLL 1.512751, perplexity 4.539200
sample 167/192 gsm8k-test-38: NLL 1.748584, perplexity 5.746459
sample 168/192 gsm8k-test-39: NLL 1.065569, perplexity 2.902490
sample 169/192 gsm8k-test-40: NLL 2.002191, perplexity 7.405262
sample 170/192 gsm8k-test-41: NLL 2.210987, perplexity 9.124721
sample 171/192 gsm8k-test-42: NLL 1.936876, perplexity 6.937048
sample 172/192 gsm8k-test-43: NLL 1.274140, perplexity 3.575625
sample 173/192 gsm8k-test-44: NLL 1.347220, perplexity 3.846717
sample 174/192 gsm8k-test-45: NLL 1.753545, perplexity 5.775039
sample 175/192 gsm8k-test-46: NLL 1.964124, perplexity 7.128664
sample 176/192 gsm8k-test-47: NLL 1.150546, perplexity 3.159917
sample 177/192 gsm8k-test-48: NLL 1.691735, perplexity 5.428892
sample 178/192 gsm8k-test-49: NLL 1.172009, perplexity 3.228471
sample 179/192 gsm8k-test-50: NLL 1.598648, perplexity 4.946338
sample 180/192 gsm8k-test-51: NLL 2.492571, perplexity 12.092329
sample 181/192 gsm8k-test-52: NLL 1.559983, perplexity 4.758740
sample 182/192 gsm8k-test-53: NLL 1.665918, perplexity 5.290529
sample 183/192 gsm8k-test-54: NLL 2.211020, perplexity 9.125023
sample 184/192 gsm8k-test-55: NLL 1.691874, perplexity 5.429644
sample 185/192 gsm8k-test-56: NLL 1.958049, perplexity 7.085490
sample 186/192 gsm8k-test-57: NLL 1.807670, perplexity 6.096224
sample 187/192 gsm8k-test-58: NLL 1.859172, perplexity 6.418417
sample 188/192 gsm8k-test-59: NLL 1.683251, perplexity 5.383029
sample 189/192 gsm8k-test-60: NLL 1.691314, perplexity 5.426609
sample 190/192 gsm8k-test-61: NLL 1.774025, perplexity 5.894533
sample 191/192 gsm8k-test-62: NLL 1.735818, perplexity 5.673569
sample 192/192 gsm8k-test-63: NLL 1.425769, perplexity 4.161054
token-weighted NLL 2.483369, perplexity 11.981562 across 50096 scored tokens
Wrote /private/tmp/midnight-priorities-20260904/challengers/g128-ls2-nll.json
