{
  "none": {
    "tasks": 9,
    "scored": 9,
    "passed": 5,
    "accuracy": 0.5555555555555556,
    "scored_subset_accuracy_diagnostic": 0.5555555555555556,
    "complete": true,
    "output_limit_reached": 0
  },
  "affine8": {
    "tasks": 9,
    "scored": 9,
    "passed": 5,
    "accuracy": 0.5555555555555556,
    "scored_subset_accuracy_diagnostic": 0.5555555555555556,
    "complete": true,
    "output_limit_reached": 0
  },
  "turbo8v4": {
    "tasks": 9,
    "scored": 9,
    "passed": 4,
    "accuracy": 0.4444444444444444,
    "scored_subset_accuracy_diagnostic": 0.4444444444444444,
    "complete": true,
    "output_limit_reached": 0
  }
}
