sample 1/192 wikitext2-test-001: NLL 2.474631, perplexity 11.877318
sample 2/192 wikitext2-test-002: NLL 3.636808, perplexity 37.970450
sample 3/192 wikitext2-test-003: NLL 2.902923, perplexity 18.227344
sample 4/192 wikitext2-test-004: NLL 2.702954, perplexity 14.923757
sample 5/192 wikitext2-test-005: NLL 2.473408, perplexity 11.862802
sample 6/192 wikitext2-test-006: NLL 3.048344, perplexity 21.080396
sample 7/192 wikitext2-test-007: NLL 3.355143, perplexity 28.649692
sample 8/192 wikitext2-test-008: NLL 2.607264, perplexity 13.561889
sample 9/192 wikitext2-test-009: NLL 2.605072, perplexity 13.532195
sample 10/192 wikitext2-test-010: NLL 2.852770, perplexity 17.335733
sample 11/192 wikitext2-test-011: NLL 2.633379, perplexity 13.920727
sample 12/192 wikitext2-test-012: NLL 3.456149, perplexity 31.694695
sample 13/192 wikitext2-test-013: NLL 2.156604, perplexity 8.641739
sample 14/192 wikitext2-test-014: NLL 2.746391, perplexity 15.586284
sample 15/192 wikitext2-test-015: NLL 2.949800, perplexity 19.102124
sample 16/192 wikitext2-test-016: NLL 2.808064, perplexity 16.577794
sample 17/192 wikitext2-test-017: NLL 2.091316, perplexity 8.095559
sample 18/192 wikitext2-test-018: NLL 2.351560, perplexity 10.501944
sample 19/192 wikitext2-test-019: NLL 3.505846, perplexity 33.309615
sample 20/192 wikitext2-test-020: NLL 3.113743, perplexity 22.505117
sample 21/192 wikitext2-test-021: NLL 2.969123, perplexity 19.474837
sample 22/192 wikitext2-test-022: NLL 3.494332, perplexity 32.928280
sample 23/192 wikitext2-test-023: NLL 2.560807, perplexity 12.946266
sample 24/192 wikitext2-test-024: NLL 2.702235, perplexity 14.913031
sample 25/192 wikitext2-test-025: NLL 2.453451, perplexity 11.628409
sample 26/192 wikitext2-test-026: NLL 2.792568, perplexity 16.322882
sample 27/192 wikitext2-test-027: NLL 3.638150, perplexity 38.021432
sample 28/192 wikitext2-test-028: NLL 2.966548, perplexity 19.424756
sample 29/192 wikitext2-test-029: NLL 2.773223, perplexity 16.010151
sample 30/192 wikitext2-test-030: NLL 2.702003, perplexity 14.909571
sample 31/192 wikitext2-test-031: NLL 2.507879, perplexity 12.278865
sample 32/192 wikitext2-test-032: NLL 3.362900, perplexity 28.872813
sample 33/192 wikitext2-test-033: NLL 2.376833, perplexity 10.770742
sample 34/192 wikitext2-test-034: NLL 3.014442, perplexity 20.377719
sample 35/192 wikitext2-test-035: NLL 2.744491, perplexity 15.556694
sample 36/192 wikitext2-test-036: NLL 2.845590, perplexity 17.211707
sample 37/192 wikitext2-test-037: NLL 2.581079, perplexity 13.211388
sample 38/192 wikitext2-test-038: NLL 2.862794, perplexity 17.510383
sample 39/192 wikitext2-test-039: NLL 2.567100, perplexity 13.027989
sample 40/192 wikitext2-test-040: NLL 3.159351, perplexity 23.555294
sample 41/192 wikitext2-test-041: NLL 3.568871, perplexity 35.476533
sample 42/192 wikitext2-test-042: NLL 3.595732, perplexity 36.442349
sample 43/192 wikitext2-test-043: NLL 3.372480, perplexity 29.150732
sample 44/192 wikitext2-test-044: NLL 2.364378, perplexity 10.637421
sample 45/192 wikitext2-test-045: NLL 2.761236, perplexity 15.819382
sample 46/192 wikitext2-test-046: NLL 2.682125, perplexity 14.616119
sample 47/192 wikitext2-test-047: NLL 2.928894, perplexity 18.706928
sample 48/192 wikitext2-test-048: NLL 2.949545, perplexity 19.097271
sample 49/192 wikitext2-test-049: NLL 2.734626, perplexity 15.403986
sample 50/192 wikitext2-test-050: NLL 2.862698, perplexity 17.508705
sample 51/192 wikitext2-test-051: NLL 2.782418, perplexity 16.158048
sample 52/192 wikitext2-test-052: NLL 2.923878, perplexity 18.613337
sample 53/192 wikitext2-test-053: NLL 2.992807, perplexity 19.941581
sample 54/192 wikitext2-test-054: NLL 2.844625, perplexity 17.195106
sample 55/192 wikitext2-test-055: NLL 2.557589, perplexity 12.904672
sample 56/192 wikitext2-test-056: NLL 2.808267, perplexity 16.581160
sample 57/192 wikitext2-test-057: NLL 2.765257, perplexity 15.883128
sample 58/192 wikitext2-test-058: NLL 2.476536, perplexity 11.899974
sample 59/192 wikitext2-test-059: NLL 2.835555, perplexity 17.039861
sample 60/192 wikitext2-test-060: NLL 2.443568, perplexity 11.514053
sample 61/192 wikitext2-test-061: NLL 3.085507, perplexity 21.878552
sample 62/192 wikitext2-test-062: NLL 3.524517, perplexity 33.937394
sample 63/192 wikitext2-test-063: NLL 2.956497, perplexity 19.230493
sample 64/192 wikitext2-test-064: NLL 2.621897, perplexity 13.761800
sample 65/192 mbpp-test-11: NLL 1.326815, perplexity 3.769021
sample 66/192 mbpp-test-12: NLL 2.645623, perplexity 14.092223
sample 67/192 mbpp-test-13: NLL 2.487907, perplexity 12.036063
sample 68/192 mbpp-test-14: NLL 2.902886, perplexity 18.226674
sample 69/192 mbpp-test-15: NLL 3.315194, perplexity 27.527731
sample 70/192 mbpp-test-16: NLL 2.885606, perplexity 17.914429
sample 71/192 mbpp-test-17: NLL 3.098981, perplexity 22.175343
sample 72/192 mbpp-test-18: NLL 1.293381, perplexity 3.645091
sample 73/192 mbpp-test-19: NLL 2.545171, perplexity 12.745404
sample 74/192 mbpp-test-20: NLL 2.333831, perplexity 10.317394
sample 75/192 mbpp-test-21: NLL 3.081575, perplexity 21.792709
sample 76/192 mbpp-test-22: NLL 1.504036, perplexity 4.499815
sample 77/192 mbpp-test-23: NLL 2.173870, perplexity 8.792241
sample 78/192 mbpp-test-24: NLL 1.702376, perplexity 5.486967
sample 79/192 mbpp-test-25: NLL 2.130237, perplexity 8.416861
sample 80/192 mbpp-test-26: NLL 2.445013, perplexity 11.530701
sample 81/192 mbpp-test-27: NLL 2.138373, perplexity 8.485616
sample 82/192 mbpp-test-28: NLL 2.064184, perplexity 7.878865
sample 83/192 mbpp-test-29: NLL 1.897178, perplexity 6.667052
sample 84/192 mbpp-test-30: NLL 1.781576, perplexity 5.939211
sample 85/192 mbpp-test-31: NLL 1.454223, perplexity 4.281155
sample 86/192 mbpp-test-32: NLL 1.536828, perplexity 4.649817
sample 87/192 mbpp-test-33: NLL 2.072351, perplexity 7.943479
sample 88/192 mbpp-test-34: NLL 1.591516, perplexity 4.911189
sample 89/192 mbpp-test-35: NLL 3.140557, perplexity 23.116745
sample 90/192 mbpp-test-36: NLL 2.399109, perplexity 11.013354
sample 91/192 mbpp-test-37: NLL 1.585792, perplexity 4.883159
sample 92/192 mbpp-test-38: NLL 1.925169, perplexity 6.856309
sample 93/192 mbpp-test-39: NLL 1.256405, perplexity 3.512771
sample 94/192 mbpp-test-40: NLL 2.622224, perplexity 13.766306
sample 95/192 mbpp-test-41: NLL 2.713814, perplexity 15.086701
sample 96/192 mbpp-test-42: NLL 2.615822, perplexity 13.678462
sample 97/192 mbpp-test-43: NLL 2.637768, perplexity 13.981965
sample 98/192 mbpp-test-44: NLL 2.427633, perplexity 11.332023
sample 99/192 mbpp-test-45: NLL 1.824765, perplexity 6.201335
sample 100/192 mbpp-test-46: NLL 2.749785, perplexity 15.639264
sample 101/192 mbpp-test-47: NLL 1.957545, perplexity 7.081917
sample 102/192 mbpp-test-48: NLL 1.932460, perplexity 6.906477
sample 103/192 mbpp-test-49: NLL 3.750698, perplexity 42.550756
sample 104/192 mbpp-test-50: NLL 2.452619, perplexity 11.618734
sample 105/192 mbpp-test-51: NLL 2.693939, perplexity 14.789822
sample 106/192 mbpp-test-52: NLL 3.718234, perplexity 41.191594
sample 107/192 mbpp-test-53: NLL 2.062544, perplexity 7.865955
sample 108/192 mbpp-test-54: NLL 1.326534, perplexity 3.767962
sample 109/192 mbpp-test-55: NLL 3.539574, perplexity 34.452255
sample 110/192 mbpp-test-56: NLL 1.657775, perplexity 5.247621
sample 111/192 mbpp-test-57: NLL 1.854392, perplexity 6.387815
sample 112/192 mbpp-test-58: NLL 2.878390, perplexity 17.785622
sample 113/192 mbpp-test-59: NLL 3.231092, perplexity 25.307271
sample 114/192 mbpp-test-60: NLL 1.608863, perplexity 4.997126
sample 115/192 mbpp-test-61: NLL 1.534371, perplexity 4.638406
sample 116/192 mbpp-test-62: NLL 3.014493, perplexity 20.378763
sample 117/192 mbpp-test-63: NLL 2.667730, perplexity 14.407229
sample 118/192 mbpp-test-64: NLL 2.662375, perplexity 14.330282
sample 119/192 mbpp-test-65: NLL 2.089447, perplexity 8.080444
sample 120/192 mbpp-test-66: NLL 2.355461, perplexity 10.542989
sample 121/192 mbpp-test-67: NLL 1.222899, perplexity 3.397020
sample 122/192 mbpp-test-68: NLL 1.402402, perplexity 4.064953
sample 123/192 mbpp-test-69: NLL 1.360414, perplexity 3.897807
sample 124/192 mbpp-test-70: NLL 2.065325, perplexity 7.887862
sample 125/192 mbpp-test-71: NLL 1.380001, perplexity 3.974905
sample 126/192 mbpp-test-72: NLL 2.614172, perplexity 13.655902
sample 127/192 mbpp-test-73: NLL 3.287656, perplexity 26.780019
sample 128/192 mbpp-test-74: NLL 1.348160, perplexity 3.850334
sample 129/192 gsm8k-test-0: NLL 2.154628, perplexity 8.624684
sample 130/192 gsm8k-test-1: NLL 2.793073, perplexity 16.331135
sample 131/192 gsm8k-test-2: NLL 1.027286, perplexity 2.793474
sample 132/192 gsm8k-test-3: NLL 2.184457, perplexity 8.885821
sample 133/192 gsm8k-test-4: NLL 1.716411, perplexity 5.564524
sample 134/192 gsm8k-test-5: NLL 1.475680, perplexity 4.374008
sample 135/192 gsm8k-test-6: NLL 1.186651, perplexity 3.276090
sample 136/192 gsm8k-test-7: NLL 1.304420, perplexity 3.685552
sample 137/192 gsm8k-test-8: NLL 1.452727, perplexity 4.274755
sample 138/192 gsm8k-test-9: NLL 1.305463, perplexity 3.689397
sample 139/192 gsm8k-test-10: NLL 1.053462, perplexity 2.867561
sample 140/192 gsm8k-test-11: NLL 1.277531, perplexity 3.587771
sample 141/192 gsm8k-test-12: NLL 1.422992, perplexity 4.149519
sample 142/192 gsm8k-test-13: NLL 1.681714, perplexity 5.374758
sample 143/192 gsm8k-test-14: NLL 1.157782, perplexity 3.182866
sample 144/192 gsm8k-test-15: NLL 1.716396, perplexity 5.564440
sample 145/192 gsm8k-test-16: NLL 1.742831, perplexity 5.713494
sample 146/192 gsm8k-test-17: NLL 0.976889, perplexity 2.656181
sample 147/192 gsm8k-test-18: NLL 1.549768, perplexity 4.710377
sample 148/192 gsm8k-test-19: NLL 1.272714, perplexity 3.570530
sample 149/192 gsm8k-test-20: NLL 1.654859, perplexity 5.232342
sample 150/192 gsm8k-test-21: NLL 1.741549, perplexity 5.706175
sample 151/192 gsm8k-test-22: NLL 1.598752, perplexity 4.946854
sample 152/192 gsm8k-test-23: NLL 2.112756, perplexity 8.271006
sample 153/192 gsm8k-test-24: NLL 1.751563, perplexity 5.763602
sample 154/192 gsm8k-test-25: NLL 1.251494, perplexity 3.495561
sample 155/192 gsm8k-test-26: NLL 1.631512, perplexity 5.111597
sample 156/192 gsm8k-test-27: NLL 1.743935, perplexity 5.719805
sample 157/192 gsm8k-test-28: NLL 1.713290, perplexity 5.547181
sample 158/192 gsm8k-test-29: NLL 1.936095, perplexity 6.931632
sample 159/192 gsm8k-test-30: NLL 1.504877, perplexity 4.503600
sample 160/192 gsm8k-test-31: NLL 1.508233, perplexity 4.518738
sample 161/192 gsm8k-test-32: NLL 2.052281, perplexity 7.785641
sample 162/192 gsm8k-test-33: NLL 1.835140, perplexity 6.266014
sample 163/192 gsm8k-test-34: NLL 1.574822, perplexity 4.829884
sample 164/192 gsm8k-test-35: NLL 1.578543, perplexity 4.847886
sample 165/192 gsm8k-test-36: NLL 1.409099, perplexity 4.092268
sample 166/192 gsm8k-test-37: NLL 1.465233, perplexity 4.328551
sample 167/192 gsm8k-test-38: NLL 1.693933, perplexity 5.440839
sample 168/192 gsm8k-test-39: NLL 1.105767, perplexity 3.021540
sample 169/192 gsm8k-test-40: NLL 1.915543, perplexity 6.790622
sample 170/192 gsm8k-test-41: NLL 2.270839, perplexity 9.687526
sample 171/192 gsm8k-test-42: NLL 1.891648, perplexity 6.630286
sample 172/192 gsm8k-test-43: NLL 1.193151, perplexity 3.297457
sample 173/192 gsm8k-test-44: NLL 1.341810, perplexity 3.825964
sample 174/192 gsm8k-test-45: NLL 1.667839, perplexity 5.300702
sample 175/192 gsm8k-test-46: NLL 1.970640, perplexity 7.175265
sample 176/192 gsm8k-test-47: NLL 1.091672, perplexity 2.979251
sample 177/192 gsm8k-test-48: NLL 1.639033, perplexity 5.150189
sample 178/192 gsm8k-test-49: NLL 1.154719, perplexity 3.173132
sample 179/192 gsm8k-test-50: NLL 1.566098, perplexity 4.787927
sample 180/192 gsm8k-test-51: NLL 2.298947, perplexity 9.963683
sample 181/192 gsm8k-test-52: NLL 1.503607, perplexity 4.497883
sample 182/192 gsm8k-test-53: NLL 1.601926, perplexity 4.962580
sample 183/192 gsm8k-test-54: NLL 2.128107, perplexity 8.398951
sample 184/192 gsm8k-test-55: NLL 1.631636, perplexity 5.112233
sample 185/192 gsm8k-test-56: NLL 1.918477, perplexity 6.810581
sample 186/192 gsm8k-test-57: NLL 1.773864, perplexity 5.893582
sample 187/192 gsm8k-test-58: NLL 1.823389, perplexity 6.192810
sample 188/192 gsm8k-test-59: NLL 1.788129, perplexity 5.978259
sample 189/192 gsm8k-test-60: NLL 1.667043, perplexity 5.296484
sample 190/192 gsm8k-test-61: NLL 1.722884, perplexity 5.600656
sample 191/192 gsm8k-test-62: NLL 1.669859, perplexity 5.311419
sample 192/192 gsm8k-test-63: NLL 1.396428, perplexity 4.040739
token-weighted NLL 2.435966, perplexity 11.426847 across 50096 scored tokens
Wrote /private/tmp/midnight-priorities-20260904/challengers/standard-nll.json
